// Jest Snapshot v1, https://goo.gl/fbAQLP

exports[`matches the snapshot 1`] = `
<Card
  className="card "
  expandable={false}
  expanded={null}
  initiallyExpanded={false}
>
  <CardTitle
    style={
      Object {
        "padding": 0,
      }
    }
  />
  <CardText
    style={
      Object {
        "padding": 0,
      }
    }
  >
    <SkillsContainer
      className=""
    />
  </CardText>
</Card>
`;
