// Jest Snapshot v1, https://goo.gl/fbAQLP

exports[`matches the snapshot 1`] = `
<div>
  <br />
  "Oops! This page doesn't exist!"
  <br />
  Click 
  <a
    href="/noc-game"
  >
    here
  </a>
   to go back.
</div>
`;
