// Jest Snapshot v1, https://goo.gl/fbAQLP

exports[`matches the snapshot 1`] = `
<Card
  className="company-card"
  skills={
    Object {
      "business": 1,
      "design": 1,
      "technical": 1,
    }
  }
  subtitle="Needs"
  title="EVE ONLINE"
/>
`;
