// Jest Snapshot v1, https://goo.gl/fbAQLP

exports[`matches the snapshot 1`] = `
ShallowWrapper {
  "complexSelector": ComplexSelector {
    "buildPredicate": [Function],
    "childrenOfNode": [Function],
    "findWhereUnwrapped": [Function],
  },
  "length": 1,
  "node": <Card
    className="intern-card"
    skills={undefined}
    subtitle="Skills"
    title={
        <span>
             
            <i
                aria-hidden="true"
                className="fa fa-venus"
            />
        </span>
    }
/>,
  "nodes": Array [
    <Card
      className="intern-card"
      skills={undefined}
      subtitle="Skills"
      title={
            <span>
                   
                  <i
                        aria-hidden="true"
                        className="fa fa-venus"
                  />
            </span>
      }
/>,
  ],
  "options": Object {},
  "renderer": ReactShallowRenderer {
    "_instance": ShallowComponentWrapper {
      "_calledComponentWillUnmount": false,
      "_compositeType": 2,
      "_context": Object {},
      "_currentElement": <InternCard />,
      "_debugID": 1,
      "_hostContainerInfo": null,
      "_hostParent": null,
      "_instance": StatelessComponent {
        "_reactInternalInstance": [Circular],
        "context": Object {},
        "props": Object {},
        "refs": Object {},
        "state": null,
        "updater": Object {
          "enqueueCallback": [Function],
          "enqueueCallbackInternal": [Function],
          "enqueueElementInternal": [Function],
          "enqueueForceUpdate": [Function],
          "enqueueReplaceState": [Function],
          "enqueueSetState": [Function],
          "isMounted": [Function],
          "validateCallback": [Function],
        },
      },
      "_mountOrder": 1,
      "_pendingCallbacks": null,
      "_pendingElement": null,
      "_pendingForceUpdate": false,
      "_pendingReplaceState": false,
      "_pendingStateQueue": null,
      "_renderedComponent": NoopInternalComponent {
        "_currentElement": <Card
          className="intern-card"
          skills={undefined}
          subtitle="Skills"
          title={
                    <span>
                               
                              <i
                                        aria-hidden="true"
                                        className="fa fa-venus"
                              />
                    </span>
          }
/>,
        "_debugID": 2,
        "_renderedOutput": <Card
          className="intern-card"
          skills={undefined}
          subtitle="Skills"
          title={
                    <span>
                               
                              <i
                                        aria-hidden="true"
                                        className="fa fa-venus"
                              />
                    </span>
          }
/>,
      },
      "_renderedNodeType": 1,
      "_rootNodeID": 0,
      "_topLevelWrapper": null,
      "_updateBatchNumber": null,
      "_warnedAboutRefsInRender": false,
    },
    "getRenderOutput": [Function],
    "render": [Function],
  },
  "root": [Circular],
  "unrendered": <InternCard />,
}
`;
